// Jest Snapshot v1, https://goo.gl/fbAQLP

exports[`Render triangle: <svg version="1.1" width="300" height="200" xmlns="http://www.w3.org/2000/svg"><polygon points="150, 18 244, 182 56, 182" fill="blue"/>
    <text x="150" y="125" font-size="60" text-anchor="middle" fill="black">Sample Text</text></svg> 1`] = `
"<svg version="1.1" width="300" height="200" xmlns="http://www.w3.org/2000/svg"><polygon points="150, 18 244, 182 56, 182" fill="blue"/>
                <text x="150" y="125" font-size="60" text-anchor="middle" fill="black">Sample Text</text></svg>"
`;
